[www.amazon.co.uk/Lenovo-IdeaPad-Notebook-Celeron-Graphics/dp/B078TTNNK6/ref=sr_1_2024c0.html]
[backblue.gif]
[fade.gif]
[index.html]
[m.media-amazon.com/images/G/01/AUIClients/AmazonUIIcon-sprite_1x-e9434610f810a3a99b3f0e49c1b938c9d76628b8._V2_.png]
[www.amazon.co.uk/Lenovo-IdeaPad-Notebook-Celeron-Graphics/dp/B078TTNNK6/sp.load.html]
[www.amazon.co.uk/Lenovo-IdeaPad-Notebook-Celeron-Graphics/dp/B078TTNNK6/@c/index.html]
[images-eu.ssl-images-amazon.com/images/I/61-6nKPKyWLdce7.js]
[www.amazon.co.uk/Lenovo-IdeaPad-Notebook-Celeron-Graphics/dp/B078TTNNK6/@p/index.html]
[images-eu.ssl-images-amazon.com/images/I/51U6oQUnN6L4221.js]
[images-eu.ssl-images-amazon.com/images/G/02/gno/sprites/nav-sprite-global_bluebeacon-1x_optimized_layout1._CB468502434_.png]
[images-eu.ssl-images-amazon.com/images/G/02/javascripts/lib/popover/images/snake._CB485935565_.gif]
[images-eu.ssl-images-amazon.com/images/G/02/gno/sprites/timeline_sprite_1x._CB439968193_.png]
[images-eu.ssl-images-amazon.com/images/I/21Z7e-BNrlL._RC_71HxPEdMx9L.css,21TJB5pc5TL.css,31DAr4NkZQL.css,21lRUdwotiL.css,41tc24mJIGL.css,11G4HxMtMSL.css,31OvHRW+XiL.css,01XHMOHpK1L.css_d5af.css]
[images-na.ssl-images-amazon.com/images/G/01/javascripts/lib/popover/images/po_left_17._V1_.png]
[g-ec2.images-amazon.com/images/G/01/common/sprites/sprite-autorip-icon._V338213240_.png]
[m.media-amazon.com/images/G/01/pw/pw_badge_mini._CB1580925414_.png]
[images-na.ssl-images-amazon.com/images/G/01/replacement-parts/rpp-info-icon.png]
[images-eu.ssl-images-amazon.com/images/G/03/productAds/pa_feedback_bubble.png]
[m.media-amazon.com/images/G/01/AUIClients/DeliveryStaticPackard-pin_desktop_1x-c944b6819f9e5642fdfd4ff3d1109d60d66d8f87._V2_.png]
[m.media-amazon.com/images/G/01/AUIClients/BurjDesktopAssets-burjSprite-eaed2442e6aae5d847ed1e5f41afdad81193ba35._V2_.png]
[images-na.ssl-images-amazon.com/images/G/01/navcart/spinner-white._V4_.gif]
[images-na.ssl-images-amazon.com/images/G/01/baby/registry/jumpstart/jumpstart-bg.png]
[m.media-amazon.com/images/G/01/AUIClients/PrivateLabelDesktopAssets-yumImages-dd0afa951c938e964b12ce982cd0629b36dc3276._V2_.png]
[m.media-amazon.com/images/G/01/AUIClients/AmazonCustomAdditionalAssets-sprite-c8f2329bf875c3b97a22d60394bb194ba02a57d0._V2_.png]
[g-ec2.images-amazon.com/images/G/01/ProductCustomization/ui-images/down-arrow-shadow-v2._V339886439_.png]
[images-eu.ssl-images-amazon.com/images/I/41IK8om96mL4538.js]
[images-eu.ssl-images-amazon.com/images/I/61DteVpqZ2L6d73.js]
[images-eu.ssl-images-amazon.com/images/I/917RD+vWsALd84f.js]
[images-eu.ssl-images-amazon.com/images/I/61xlS6peMVLee78.js]
[images-eu.ssl-images-amazon.com/images/I/41THdNCw4OL._RC_31iWhmLNdPL.js_0536.js]
[images-eu.ssl-images-amazon.com/images/G/02/x-locale/communities/tags/graysnake._CB485934256_.gif]
[images-eu.ssl-images-amazon.com/images/G/02/electronics/click2call/click2call-sprite._CB485946145_.png]
[images-eu.ssl-images-amazon.com/images/G/02/electronics/click2call/sprite-click2call._CB485934115_.png]
[images-eu.ssl-images-amazon.com/images/G/02/common/sprites/sprite-site-wide._CB485929154_.png]
[images-eu.ssl-images-amazon.com/images/G/02/common/sprites/sprite-dp-2._CB485925629_.png]
[images-eu.ssl-images-amazon.com/images/G/02/x-locale/communities/wishlist/add-to-wl-button-sprite.gif]
[images-eu.ssl-images-amazon.com/images/G/02/common/sprites/sprite-site-wide-2._CB461624638_.png]
[images-eu.ssl-images-amazon.com/images/G/02/nav2/images/sprite-carousel-btns-stars2.png]
[images-eu.ssl-images-amazon.com/images/G/02/SellerForums/amz/images/help-16x16._CB485933626_.gif]
[images-eu.ssl-images-amazon.com/images/G/02/x-locale/communities/customerimage/shuttle-gradient._CB485934796_.gif]
[images-eu.ssl-images-amazon.com/images/G/02/gateway/csw/tri-down._CB485946731_.png]
[images-eu.ssl-images-amazon.com/images/G/02/nav2/finders/finder-fits-sprites._CB485937009_.gif]
[images-eu.ssl-images-amazon.com/images/G/02/common/sprites/sprite-communities._CB485971415_.png]
[images-eu.ssl-images-amazon.com/images/G/02/common/sprites/sprite-media-platform._CB485924676_.png]
[www.amazon.co.uk/Lenovo-IdeaPad-Notebook-Celeron-Graphics/dp/B078TTNNK6/sp.load.critical.html]
[www.amazon.co.uk/Lenovo-IdeaPad-Notebook-Celeron-Graphics/dp/B078TTNNK6/POST.html]
[images-eu.ssl-images-amazon.com/images/G/02/x-locale/common/transparent-pixel._CB485934990_.gif]
[images-eu.ssl-images-amazon.com/images/G/02/Gateway/C19/COVID-19-SWM-revised._CB420400949_.jpg]
[images-eu.ssl-images-amazon.com/images/G/02/uk_xsite2020/DEX/ILM_22_03/Desktop_low._CB419811193_.png]
[images-eu.ssl-images-amazon.com/images/G/02/uk_xsite2020/DEX/ILM_22_03/UK_DD_ILMs_22_3_v3_Desktop._CB419811192_.png]
[images-eu.ssl-images-amazon.com/images/G/02/ape/sf/desktop/DAsf-1.50.2b9a27d._V435236196_fe50.js]
[images-eu.ssl-images-amazon.com/images/G/02/ape/sf/rtd/safeframeRtd-1.50.2b9a27d._V435236192_.js]
[images-na.ssl-images-amazon.com/images/I/41W82PUZfkL._AC_US40_.jpg]
[images-na.ssl-images-amazon.com/images/I/41zA5BOx5eL._AC_US40_.jpg]
[images-na.ssl-images-amazon.com/images/I/41Y3c+P0wDL._AC_US40_.jpg]
[images-na.ssl-images-amazon.com/images/I/21nQDjfvBZL._AC_US40_.jpg]
[images-na.ssl-images-amazon.com/images/I/31xNZQvVjHL._AC_US40_.jpg]
[images-na.ssl-images-amazon.com/images/G/01/x-locale/common/transparent-pixel._V192234675_.gif]
[images-na.ssl-images-amazon.com/images/G/01/vap/video/airy2/prod/2.0.1460.0/js/airy.skin._CB485981857_.js]
[images-na.ssl-images-amazon.com/images/G/01/vap/video/airy2/prod/2.0.1460.0/css/beacon._CB485971591_.css]
[images-na.ssl-images-amazon.com/images/I/41W82PUZfkL._SS36_.jpg]
[images-na.ssl-images-amazon.com/images/I/21J1xmY2fBL._SS36_.jpg]
[images-eu.ssl-images-amazon.com/images/I/31++rH2ffAL49cb.js]
[images-eu.ssl-images-amazon.com/images/I/31VR11jQ1XL23ba.js]
[images-eu.ssl-images-amazon.com/images/I/716vr+ZluhL9dd3.js]
[images-eu.ssl-images-amazon.com/images/I/31pL+UX7h1L7876.js]
[images-na.ssl-images-amazon.com/images/I/21J1xmY2fBL._AC_.jpg]
[images-na.ssl-images-amazon.com/images/I/21J1xmY2fBL._AC_US40_.jpg]
[images-na.ssl-images-amazon.com/images/I/514S8qiyI4L._AC_SL1500_.jpg]
[images-na.ssl-images-amazon.com/images/I/41SAUZGSINL._AC_.jpg]
[images-na.ssl-images-amazon.com/images/I/41SAUZGSINL._AC_US40_.jpg]
[images-na.ssl-images-amazon.com/images/I/71NLbzHONdL._AC_SL1500_.jpg]
[images-na.ssl-images-amazon.com/images/I/41AeStpwSnL._AC_.jpg]
[images-na.ssl-images-amazon.com/images/I/41AeStpwSnL._AC_US40_.jpg]
[images-na.ssl-images-amazon.com/images/I/71flT2z4QgL._AC_SL1500_.jpg]
[images-na.ssl-images-amazon.com/images/I/41Pc+qHq45L._AC_.jpg]
[images-na.ssl-images-amazon.com/images/I/41Pc+qHq45L._AC_US40_.jpg]
[images-na.ssl-images-amazon.com/images/I/71Za6L45bsL._AC_SL1500_.jpg]
[images-na.ssl-images-amazon.com/images/I/212xQhHteqL._AC_.jpg]
[images-na.ssl-images-amazon.com/images/I/212xQhHteqL._AC_US40_.jpg]
[images-na.ssl-images-amazon.com/images/I/51Zf0nHYPHL._AC_SL1500_.jpg]
[images-na.ssl-images-amazon.com/images/I/41W82PUZfkL._AC_.jpg]
[images-na.ssl-images-amazon.com/images/I/611BAdWW+EL._AC_SL1000_.jpg]
[images-na.ssl-images-amazon.com/images/I/41zA5BOx5eL._AC_.jpg]
[images-na.ssl-images-amazon.com/images/I/71J4pqIap1L._AC_SL1000_.jpg]
[images-na.ssl-images-amazon.com/images/I/41Y3c+P0wDL._AC_.jpg]
[images-na.ssl-images-amazon.com/images/I/71gWJmVW-NL._AC_SL1000_.jpg]
[images-na.ssl-images-amazon.com/images/I/21nQDjfvBZL._AC_.jpg]
[images-na.ssl-images-amazon.com/images/I/41HYYaNg5bL._AC_SL1000_.jpg]
[images-na.ssl-images-amazon.com/images/I/31xNZQvVjHL._AC_.jpg]
[images-na.ssl-images-amazon.com/images/I/41aQ9JbiVML._AC_SL1000_.jpg]
[images-na.ssl-images-amazon.com/images/G/02/apparel/rcxgs/tile._CB483369956_.gif]
[images-na.ssl-images-amazon.com/images/G/02/javascripts/lib/popover/images/light/sprite-vertical-popover-arrow._CB485933104_.png]
[images-na.ssl-images-amazon.com/images/G/02/Quarterdeck/en_US/images/video._CB485933172_SS40_.jpg]
[images-na.ssl-images-amazon.com/images/G/02/ui/loadIndicators/loading-large._CB485945341_.gif]
[images-na.ssl-images-amazon.com/images/G/02/HomeCustomProduct/360_icon_73x73v2._CB485971309_SS40_.jpg]
[m.media-amazon.com/images/I/411nv3l-DCL._AC_SR160,160_.jpg]
[m.media-amazon.com/images/I/41bkOLBbNzL._AC_SR160,160_.jpg]
[m.media-amazon.com/images/I/41hTQwBL66L._AC_SR160,160_.jpg]
[m.media-amazon.com/images/I/51YyLk9qHIL._AC_SR160,160_.jpg]
[m.media-amazon.com/images/I/51KTRpZFBpL._AC_SR160,160_.jpg]
[m.media-amazon.com/images/I/31tQiPkye9L._AC_SR160,160_.jpg]
[m.media-amazon.com/images/I/51nCkKIx9lL._AC_SR160,160_.jpg]
[m.media-amazon.com/images/I/51BchiKQiYL._AC_SR160,160_.jpg]
[m.media-amazon.com/images/I/41ZAu6ZvEeL._AC_SR160,160_.jpg]
[m.media-amazon.com/images/I/41jKzkEi9xL._AC_SR160,160_.jpg]
[images-eu.ssl-images-amazon.com/images/I/311+NUiljjL._RC_51vjeJQchWL.js_42d2.js]
[images-eu.ssl-images-amazon.com/images/G/02/ui/loadIndicators/loadIndicator-large._CB485943885_.gif]
[images-eu.ssl-images-amazon.com/images/I/11omjJhwsqL57fe.js]
[images-eu.ssl-images-amazon.com/images/I/01LAv8I1AxL._RC_015DCfR+jFL.css,01LKsGfpclL.css,01PTkp9JOCL.css,01cdXa5nSoL.css_dd35.css]
[images-na.ssl-images-amazon.com/images/I/31RXxEpRGvL._CR80,0,480,480_UX175.jpg]
[images-na.ssl-images-amazon.com/images/I/41sDCNtTSLL._CR80,0,480,480_UX175.jpg]
[images-na.ssl-images-amazon.com/images/G/01/x-locale/common/grey-pixel.gif]
[images-eu.ssl-images-amazon.com/images/S/amazon-avatars/default._CR0,0,1024,1024_SX48_.jpg]
[images-eu.ssl-images-amazon.com/images/S/amazon-avatars-global/default._CR0,0,1024,1024_SX48_.jpg]
[images-eu.ssl-images-amazon.com/images/S/amazon-avatars-global/19427ae3-4738-4e59-99a7-5928e7e66fae._CR0,0,370,370_SX48_.jpg]
[images-eu.ssl-images-amazon.com/images/I/31jrTgUO2GLee78.css]
[images-eu.ssl-images-amazon.com/images/I/01mqQVb87-L0536.css]
[images-eu.ssl-images-amazon.com/images/I/41THdNCw4OLf1ba.js]
[images-eu.ssl-images-amazon.com/images/G/02/x-locale/common/buy-buttons/review-1-click-order._CB485945735_.gif]
[images-eu.ssl-images-amazon.com/images/G/02/x-locale/common/buttons/continue-shopping._CB485936077_.gif]
[images-eu.ssl-images-amazon.com/images/G/02/x-locale/common/buy-buttons/thank-you-elbow._CB485935931_.gif]
[images-eu.ssl-images-amazon.com/images/G/02/x-locale/communities/social/snwicons_v2._CB478838660_.png]
[images-eu.ssl-images-amazon.com/images/G/02/checkout/assets/carrot._CB485936866_.gif]
[images-eu.ssl-images-amazon.com/images/G/02/checkout/thank-you-page/assets/yellow-rounded-corner-sprite._CB485934175_.gif]
[images-eu.ssl-images-amazon.com/images/G/02/checkout/thank-you-page/assets/white-rounded-corner-sprite._CB485935372_.gif]
[images-eu.ssl-images-amazon.com/images/G/02/Recommendations/MissionExperience/BIA/bia-atc-confirm-icon._CB485946440_.png]
[images-eu.ssl-images-amazon.com/images/G/02/authportal/common/images/amazon_logo_no-org_mid._CB485934514_.png]
[images-eu.ssl-images-amazon.com/images/G/02/authportal/flex/reduced-nav/ap-flex-reduced-nav-2.0._CB485968672_.js]
[images-eu.ssl-images-amazon.com/images/G/02/authportal/flex/reduced-nav/ap-flex-reduced-nav-2.1._CB485967762_.css]
[images-eu.ssl-images-amazon.com/images/G/02/x-locale/common/buttons/sign-in-secure._CB485941596_.gif]
[images-eu.ssl-images-amazon.com/images/G/02/x-locale/common/login/fwcim._CB481732319_.js]
[images-eu.ssl-images-amazon.com/images/G/02/x-locale/redirect-overlay/redirect-overlay-nav-https-20200206._CB422684285_.css]
[images-eu.ssl-images-amazon.com/images/I/11VbV++KhQL7f43.js]
[images-eu.ssl-images-amazon.com/images/G/02/personalization/ybh/loading-4x-gray._CB485916908_.gif]
[images-eu.ssl-images-amazon.com/images/I/713Gzq9rKrLac85.js]
[images-eu.ssl-images-amazon.com/images/I/31BVuidgT8L.js]
[m.media-amazon.com/images/G/01/csm/showads.v2.js]
[www.amazon.co.uk/Lenovo-IdeaPad-Notebook-Celeron-Graphics/dp/B078TTNNK6/GET.html]
[www.amazon.co.uk/Lenovo-IdeaPad-Notebook-Celeron-Graphics/dp/B078TTNNK6/ref=sr_1_2024c0.html]
[images-na.ssl-images-amazon.com/images/G/01/AUIClients/AmazonUI-3c913031596ca78a3768f4e934b1cc02ce238101.secure.min._V1_.css]
[images-na.ssl-images-amazon.com/captcha/xsqyeruq/Captcha_dgueumwjwt.jpg]
[www.amazon.co.uk/Lenovo-IdeaPad-Notebook-Celeron-Graphics/dp/B078TTNNK6/@c/index.html]
[images-na.ssl-images-amazon.com/captcha/perumqgc/Captcha_gkrknkqjyt.jpg]
[www.amazon.co.uk/Lenovo-IdeaPad-Notebook-Celeron-Graphics/dp/B078TTNNK6/@p/index.html]
[images-na.ssl-images-amazon.com/captcha/usvmgloq/Captcha_gihjntlvkh.jpg]
[www.amazon.co.uk/Lenovo-IdeaPad-Notebook-Celeron-Graphics/dp/B078TTNNK6/sp.load.html]
[images-eu.ssl-images-amazon.com/images/I/61-6nKPKyWLdce7.js]
[images-eu.ssl-images-amazon.com/images/I/51U6oQUnN6L4221.js]
[m.media-amazon.com/images/G/01/AUIClients/P13NSharedSitewideCSS-loading_4x_gray-fa91375275e3e1c8fcd8f79bcae5d85593a33c67._V2_.gif]
[m.media-amazon.com/images/G/01/AUIClients/RecentHistoryFooterCSS-beacon_sprite-553793e4d98e5a3c349047b9d9097eecf5d799d9._V2_.png]
[m.media-amazon.com/images/G/01/AUIClients/InternationalCustomerPreferencesNavAssets-icp_sprite-0b528ccc99b2eed18447291de6df851bc2c6fe68._V2_.png]
[m.media-amazon.com/images/G/01/AUIClients/GLUXAssets-pin-085ac89684faf6d0e965366a342f1eb909bb421a._V2_.png]
[images-na.ssl-images-amazon.com/images/G/01/associates/publisher-studio/sitestripe-sprite-new.png]
[images-eu.ssl-images-amazon.com/images/I/21Z7e-BNrlL._RC_71HxPEdMx9L.css,21TJB5pc5TL.css,31DAr4NkZQL.css,21lRUdwotiL.css,41tc24mJIGL.css,11G4HxMtMSL.css,31OvHRW+XiL.css,01XHMOHpK1L.css_d5af.css]
[m.media-amazon.com/images/G/01/pantry/pantry-box-sprite-percent-large.html]
[images-eu.ssl-images-amazon.com/images/I/41IK8om96mL4538.js]
[images-eu.ssl-images-amazon.com/images/I/61DteVpqZ2L6d73.js]
[www.amazon.co.uk/Lenovo-IdeaPad-Notebook-Celeron-Graphics/dp/B078TTNNK6/Silk/index.html]
[www.amazon.co.uk/Lenovo-IdeaPad-Notebook-Celeron-Graphics/dp/B078TTNNK6/SET_ADD_TO_CART_URL.html]
[www.amazon.co.uk/Lenovo-IdeaPad-Notebook-Celeron-Graphics/dp/B078TTNNK6/SET_IMAGE_UPLOAD_POLICY_URL.html]
[www.amazon.co.uk/Lenovo-IdeaPad-Notebook-Celeron-Graphics/dp/B078TTNNK6/SET_ADD_TO_LIST_URL.html]
[www.amazon.co.uk/Lenovo-IdeaPad-Notebook-Celeron-Graphics/dp/B078TTNNK6/SET_WISHLIST_URL.html]
[images-eu.ssl-images-amazon.com/images/I/917RD+vWsALd84f.js]
[images-eu.ssl-images-amazon.com/images/I/61xlS6peMVLee78.js]
[images-eu.ssl-images-amazon.com/images/I/41THdNCw4OL._RC_31iWhmLNdPL.js_0536.js]
[images-eu.ssl-images-amazon.com/images/G/02/x-locale/communities/wishlist/add-to-wl-button-sprite.gif]
[images-eu.ssl-images-amazon.com/images/G/02/nav2/images/sprite-carousel-btns-stars2.png]
[images-na.ssl-images-amazon.com/captcha/xjgkhgck/Captcha_bbdxjopral.jpg]
[www.amazon.co.uk/Lenovo-IdeaPad-Notebook-Celeron-Graphics/dp/B078TTNNK6/sp.load.critical.html]
[images-na.ssl-images-amazon.com/captcha/cucusdhr/Captcha_nfadlzblyh.jpg]
[www.amazon.co.uk/Lenovo-IdeaPad-Notebook-Celeron-Graphics/dp/B078TTNNK6/POST.html]
[images-na.ssl-images-amazon.com/images/G/01/vap/video/airy2/prod/2.0.1460.0/images/transparent-pixel._TTW_.png]
[images-na.ssl-images-amazon.com/images/G/01/vap/video/airy2/prod/2.0.1460.0/css/beacon._CB485971591_.css]
[images-na.ssl-images-amazon.com/images/G/01/vap/video/airy2/prod/2.0.1460.0/images/beacon._TTW_.png]
[images-eu.ssl-images-amazon.com/images/I/31++rH2ffAL49cb.js]
[images-eu.ssl-images-amazon.com/images/I/31VR11jQ1XL23ba.js]
[images-eu.ssl-images-amazon.com/images/I/716vr+ZluhL9dd3.js]
[images-eu.ssl-images-amazon.com/images/I/31pL+UX7h1L7876.js]
[images-eu.ssl-images-amazon.com/images/I/311+NUiljjL._RC_51vjeJQchWL.js_42d2.js]
[images-eu.ssl-images-amazon.com/images/I/11omjJhwsqL57fe.js]
[images-na.ssl-images-amazon.com/images/G/01/amazonui/loading/spinner_4x._V1_.gif]
[images-eu.ssl-images-amazon.com/images/I/01LAv8I1AxL._RC_015DCfR+jFL.css,01LKsGfpclL.css,01PTkp9JOCL.css,01cdXa5nSoL.css_dd35.css]
[images-eu.ssl-images-amazon.com/images/I/31jrTgUO2GLee78.css]
[images-eu.ssl-images-amazon.com/images/I/01mqQVb87-L0536.css]
[images-eu.ssl-images-amazon.com/images/I/41THdNCw4OLf1ba.js]
[images-na.ssl-images-amazon.com/images/G/01/javascripts/lib/popover/images/btn_close.gif]
[images-eu.ssl-images-amazon.com/images/G/02/authportal/flex/reduced-nav/ap-flex-reduced-nav-2.0._CB485968672_.js]
[images-na.ssl-images-amazon.com/images/G/01/x-locale/common/errors-alerts/error-sprite.gif]
[images-na.ssl-images-amazon.com/images/G/01/x-locale/common/errors-alerts/error-sprite-mini.gif]
[images-na.ssl-images-amazon.com/images/G/03/x-locale/common/errors-alerts/error-sprite-mini.gif]
[images-na.ssl-images-amazon.com/images/G/30/x-locale/common/errors-alerts/error-sprite-mini.gif]
[images-na.ssl-images-amazon.com/images/G/08/x-locale/common/errors-alerts/error-sprite-mini.gif]
[images-na.ssl-images-amazon.com/images/G/02/x-locale/common/errors-alerts/error-sprite-mini.gif]
[images-na.ssl-images-amazon.com/images/G/31/x-locale/common/errors-alerts/error-sprite-mini.gif]
[images-na.ssl-images-amazon.com/images/G/29/x-locale/common/errors-alerts/error-sprite-mini.gif]
[images-na.ssl-images-amazon.com/images/G/09/x-locale/common/errors-alerts/error-sprite-mini.gif]
[images-na.ssl-images-amazon.com/images/G/01/ui/loadIndicators/loadIndicator-label.gif]
[images-na.ssl-images-amazon.com/images/G/03/ui/loadIndicators/loadIndicator-label.gif]
[images-na.ssl-images-amazon.com/images/G/30/ui/loadIndicators/loadIndicator-label.gif]
[images-na.ssl-images-amazon.com/images/G/08/ui/loadIndicators/loadIndicator-label.gif]
[images-na.ssl-images-amazon.com/images/G/02/ui/loadIndicators/loadIndicator-label.gif]
[images-na.ssl-images-amazon.com/images/G/31/ui/loadIndicators/loadIndicator-label.gif]
[images-na.ssl-images-amazon.com/images/G/29/ui/loadIndicators/loadIndicator-label.gif]
[images-na.ssl-images-amazon.com/images/G/09/ui/loadIndicators/loadIndicator-label.gif]
[images-na.ssl-images-amazon.com/images/G/01/javascripts/lib/popover/images/po_left.png]
[images-na.ssl-images-amazon.com/images/G/01/javascripts/lib/popover/images/po_right.png]
[images-na.ssl-images-amazon.com/images/G/01/javascripts/lib/popover/images/po_top_left.png]
[images-na.ssl-images-amazon.com/images/G/01/javascripts/lib/popover/images/po_top_right.png]
[images-na.ssl-images-amazon.com/images/G/01/javascripts/lib/popover/images/po_top.png]
[images-na.ssl-images-amazon.com/images/G/01/javascripts/lib/popover/images/po_bottom_left.png]
[images-na.ssl-images-amazon.com/images/G/01/javascripts/lib/popover/images/po_bottom_right.png]
[images-na.ssl-images-amazon.com/images/G/01/javascripts/lib/popover/images/po_bottom.png]
[images-na.ssl-images-amazon.com/images/G/01/webservices/orange_bullet.png]
[images-na.ssl-images-amazon.com/images/G/01/gno/images/orangeBlue/navPackedSprites-US-22._V183711640_.png]
[images-na.ssl-images-amazon.com/images/G/08/gno/images/orangeBlue/navPackedSprites-FR-15._V202471902_.png]
[images-na.ssl-images-amazon.com/images/G/15/gno/images/orangeBlue/navPackedSprites-CA-15._V202471501_.png]
[images-na.ssl-images-amazon.com/images/G/02/gno/images/orangeBlue/navPackedSprites-UK-15._V202471918_.png]
[images-na.ssl-images-amazon.com/images/G/03/gno/images/orangeBlue/navPackedSprites-DE-15._V202471931_.png]
[images-na.ssl-images-amazon.com/images/G/29/gno/images/orangeBlue/navPackedSprites-IT-02._V201174301_.png]
[images-na.ssl-images-amazon.com/images/G/30/gno/images/orangeBlue/navPackedSprites-ES-03._V156600418_.png]
[images-na.ssl-images-amazon.com/images/G/09/gno/images/orangeBlue/navPackedSprites-JP-15._V202471850_.png]
[images-na.ssl-images-amazon.com/images/G/01/authportal/common/images/amznbtn-sprite03._V395592492_.png]
[images-eu.ssl-images-amazon.com/images/G/02/authportal/flex/reduced-nav/ap-flex-reduced-nav-2.1._CB485967762_.css]
[images-eu.ssl-images-amazon.com/images/G/02/x-locale/common/login/fwcim._CB481732319_.js]
[images-na.ssl-images-amazon.com/images/G/01/x-locale/redirect-overlay/1x1-000-50._CB336787293_.png]
[images-na.ssl-images-amazon.com/images/G/01/x-locale/redirect-overlay/pop/beacon_header._CB336787200_.png]
[images-na.ssl-images-amazon.com/images/G/01/x-locale/redirect-overlay/pop/beacon_footer._CB336787200_.png]
[images-na.ssl-images-amazon.com/images/G/01/x-locale/redirect-overlay/aui_sprite_0012_1x._CB336787293_.png]
[images-na.ssl-images-amazon.com/images/G/01/x-locale/redirect-overlay/button/a-pri-40-sprite._CB336786579_.png]
[images-na.ssl-images-amazon.com/images/G/01/x-locale/redirect-overlay/button/a-pri-left._CB336786578_.png]
[images-na.ssl-images-amazon.com/images/G/01/x-locale/redirect-overlay/button/a-pri-center._CB336786579_.png]
[images-na.ssl-images-amazon.com/images/G/01/x-locale/redirect-overlay/button/a-pri-right._CB336786578_.png]
[images-na.ssl-images-amazon.com/images/G/01/x-locale/redirect-overlay/button/a-pri-hover-left._CB336786579_.png]
[images-na.ssl-images-amazon.com/images/G/01/x-locale/redirect-overlay/button/a-pri-hover-center._CB336786578_.png]
[images-na.ssl-images-amazon.com/images/G/01/x-locale/redirect-overlay/button/a-pri-hover-right._CB336786579_.png]
[images-na.ssl-images-amazon.com/images/G/01/x-locale/redirect-overlay/button/a-pri-active-left._CB336786579_.png]
[images-na.ssl-images-amazon.com/images/G/01/x-locale/redirect-overlay/button/a-pri-active-center._CB336786578_.png]
[images-na.ssl-images-amazon.com/images/G/01/x-locale/redirect-overlay/button/a-pri-active-right._CB336786579_.png]
[images-na.ssl-images-amazon.com/images/G/01/x-locale/redirect-overlay/button/a-sec-left._CB336786579_.png]
[images-na.ssl-images-amazon.com/images/G/01/x-locale/redirect-overlay/button/a-sec-center._CB336786578_.png]
[images-na.ssl-images-amazon.com/images/G/01/x-locale/redirect-overlay/button/a-sec-right._CB336786579_.png]
[images-na.ssl-images-amazon.com/images/G/01/x-locale/redirect-overlay/button/a-sec-hover-left._CB336786579_.png]
[images-na.ssl-images-amazon.com/images/G/01/x-locale/redirect-overlay/button/a-sec-hover-center._CB336786578_.png]
[images-na.ssl-images-amazon.com/images/G/01/x-locale/redirect-overlay/button/a-sec-hover-right._CB336786579_.png]
[images-na.ssl-images-amazon.com/images/G/01/x-locale/redirect-overlay/button/a-sec-active-left._CB336786578_.png]
[images-na.ssl-images-amazon.com/images/G/01/x-locale/redirect-overlay/button/a-sec-active-center._CB336786579_.png]
[images-na.ssl-images-amazon.com/images/G/01/x-locale/redirect-overlay/button/a-sec-active-right._CB336786578_.png]
[images-eu.ssl-images-amazon.com/images/G/02/x-locale/redirect-overlay/redirect-overlay-nav-https-20200206._CB422684285_.css]
[images-eu.ssl-images-amazon.com/images/I/11VbV++KhQL7f43.js]
[images-eu.ssl-images-amazon.com/images/I/713Gzq9rKrLac85.js]
[images-eu.ssl-images-amazon.com/images/I/31BVuidgT8L.js]
[m.media-amazon.com/images/G/01/csm/showads.v2.js]
[images-na.ssl-images-amazon.com/captcha/twhhswbk/Captcha_ytzlgfsbuo.jpg]
[www.amazon.co.uk/Lenovo-IdeaPad-Notebook-Celeron-Graphics/dp/B078TTNNK6/GET.html]
[images-na.ssl-images-amazon.com/images/G/01/amazonui/sprites/aui_sprite_0007-1x._V383827579_.png]
[images-na.ssl-images-amazon.com/images/G/01/AUIClients/AmazonUI-3c913031596ca78a3768f4e934b1cc02ce238101.secure.min._V1_.css]
[images-na.ssl-images-amazon.com/images/G/01/amazonui/loading/loading-4x._V1_.gif]
[images-na.ssl-images-amazon.com/captcha/qamfifum/Captcha_jjedmssgpn.jpg]
[www.amazon.co.uk/Lenovo-IdeaPad-Notebook-Celeron-Graphics/dp/B078TTNNK6/Silk/index.html]
[images-na.ssl-images-amazon.com/captcha/derqnxxq/Captcha_kfepblxelh.jpg]
[www.amazon.co.uk/Lenovo-IdeaPad-Notebook-Celeron-Graphics/dp/B078TTNNK6/SET_ADD_TO_CART_URL.html]
[images-na.ssl-images-amazon.com/captcha/sargzmyv/Captcha_bfteksnhjk.jpg]
[www.amazon.co.uk/Lenovo-IdeaPad-Notebook-Celeron-Graphics/dp/B078TTNNK6/SET_IMAGE_UPLOAD_POLICY_URL.html]
[images-na.ssl-images-amazon.com/captcha/sgkknrsj/Captcha_orqfmxbtyd.jpg]
[www.amazon.co.uk/Lenovo-IdeaPad-Notebook-Celeron-Graphics/dp/B078TTNNK6/SET_ADD_TO_LIST_URL.html]
[images-na.ssl-images-amazon.com/captcha/ahkfsmoa/Captcha_nqgpmtlbmx.jpg]
[www.amazon.co.uk/Lenovo-IdeaPad-Notebook-Celeron-Graphics/dp/B078TTNNK6/SET_WISHLIST_URL.html]
